// Jest Snapshot v1, https://goo.gl/fbAQLP

exports[`App.vue is a Vue instance 1`] = `
<v-app-stub id="app" style="background: rgb(238, 238, 238);">
  <notifications-stub></notifications-stub>
  <app-bar-stub></app-bar-stub>
  <!---->
  <v-content-stub tag="main" class="mt-5">
    <router-view></router-view>
  </v-content-stub>
</v-app-stub>
`;
